../Core/Src/main.c:83:6:time_to_str	32	static
../Core/Src/main.c:93:10:ticks_to_us	16	static
../Core/Src/main.c:99:6:get_pwm_values	32	static
../Core/Src/main.c:143:5:main	104	static
../Core/Src/main.c:235:6:SystemClock_Config	72	static
../Core/Src/main.c:271:13:MX_TIM2_Init	32	static
../Core/Src/main.c:316:13:MX_TIM3_Init	64	static
../Core/Src/main.c:379:13:MX_USART1_UART_Init	8	static
../Core/Src/main.c:410:13:MX_DMA_Init	16	static
../Core/Src/main.c:431:13:MX_GPIO_Init	40	static
../Core/Src/main.c:455:6:HAL_GPIO_EXTI_Callback	24	static
../Core/Src/main.c:494:6:Error_Handler	4	static,ignoring_inline_asm
